[2025-12-29 00:30:33] [INFO    ] [automogul:145] ================================================================================
[2025-12-29 00:30:33] [INFO    ] [automogul:146] AutoMogul v1.0.0 - Logging System Initialized
[2025-12-29 00:30:33] [INFO    ] [automogul:147] Log Level: INFO
[2025-12-29 00:30:33] [INFO    ] [automogul:148] Log Directory: logs
[2025-12-29 00:30:33] [INFO    ] [automogul:149] ================================================================================
[2025-12-29 00:30:33] [INFO    ] [__main__:102] ================================================================================
[2025-12-29 00:30:33] [INFO    ] [__main__:103] 底盘来源类型字段迁移
[2025-12-29 00:30:33] [INFO    ] [__main__:104] ================================================================================
[2025-12-29 00:30:33] [INFO    ] [__main__:27] 开始迁移数据库: C:\project\Car-tycoon-game\data\automogul.db
[2025-12-29 00:30:33] [INFO    ] [__main__:45] 发现 36 个现有列
[2025-12-29 00:30:33] [INFO    ] [__main__:72]   ✓ 添加列: source_type
[2025-12-29 00:30:33] [INFO    ] [__main__:72]   ✓ 添加列: original_competitor_id
[2025-12-29 00:30:33] [INFO    ] [__main__:72]   ✓ 添加列: legal_risk_factor
[2025-12-29 00:30:33] [INFO    ] [__main__:72]   ✓ 添加列: quality_cap
[2025-12-29 00:30:33] [INFO    ] [__main__:86] 
✓ 迁移完成！添加了 4 个新列
[2025-12-29 00:30:33] [INFO    ] [__main__:87] ================================================================================
[2025-12-29 00:33:11] [INFO    ] [automogul:145] ================================================================================
[2025-12-29 00:33:11] [INFO    ] [automogul:146] AutoMogul v1.0.0 - Logging System Initialized
[2025-12-29 00:33:11] [INFO    ] [automogul:147] Log Level: INFO
[2025-12-29 00:33:11] [INFO    ] [automogul:148] Log Directory: logs
[2025-12-29 00:33:11] [INFO    ] [automogul:149] ================================================================================
[2025-12-29 00:33:11] [INFO    ] [__main__:103] ================================================================================
[2025-12-29 00:33:11] [INFO    ] [__main__:104] 底盘来源类型字段迁移
[2025-12-29 00:33:11] [INFO    ] [__main__:105] ================================================================================
[2025-12-29 00:33:11] [INFO    ] [__main__:28] 开始迁移数据库: C:\project\Car-tycoon-game\data\automogul.db
[2025-12-29 00:33:11] [INFO    ] [__main__:46] 发现 40 个现有列
[2025-12-29 00:33:11] [INFO    ] [__main__:81]   - 列 source_type 已存在，跳过
[2025-12-29 00:33:11] [INFO    ] [__main__:81]   - 列 original_competitor_id 已存在，跳过
[2025-12-29 00:33:11] [INFO    ] [__main__:81]   - 列 legal_risk_factor 已存在，跳过
[2025-12-29 00:33:11] [INFO    ] [__main__:81]   - 列 quality_cap 已存在，跳过
[2025-12-29 00:33:11] [INFO    ] [__main__:87] 
✓ 迁移完成！添加了 0 个新列
[2025-12-29 00:33:11] [INFO    ] [__main__:88] ================================================================================
[2025-12-29 00:33:11] [INFO    ] [__main__:28] 开始迁移数据库: C:\project\Car-tycoon-game\data\template.db
[2025-12-29 00:33:11] [INFO    ] [__main__:46] 发现 36 个现有列
[2025-12-29 00:33:11] [INFO    ] [__main__:73]   ✓ 添加列: source_type
[2025-12-29 00:33:11] [INFO    ] [__main__:73]   ✓ 添加列: original_competitor_id
[2025-12-29 00:33:11] [INFO    ] [__main__:73]   ✓ 添加列: legal_risk_factor
[2025-12-29 00:33:11] [INFO    ] [__main__:73]   ✓ 添加列: quality_cap
[2025-12-29 00:33:11] [INFO    ] [__main__:87] 
✓ 迁移完成！添加了 4 个新列
[2025-12-29 00:33:11] [INFO    ] [__main__:88] ================================================================================
[2025-12-29 00:33:11] [INFO    ] [__main__:120] 
发现 58 个存档文件，开始迁移...
[2025-12-29 00:33:11] [INFO    ] [__main__:122] 迁移存档: Player Company_1946_01311f0d.db
[2025-12-29 00:33:11] [INFO    ] [__main__:28] 开始迁移数据库: C:\project\Car-tycoon-game\data\saves\Player Company_1946_01311f0d.db
[2025-12-29 00:33:11] [INFO    ] [__main__:46] 发现 36 个现有列
[2025-12-29 00:33:11] [INFO    ] [__main__:73]   ✓ 添加列: source_type
[2025-12-29 00:33:11] [INFO    ] [__main__:73]   ✓ 添加列: original_competitor_id
[2025-12-29 00:33:11] [INFO    ] [__main__:73]   ✓ 添加列: legal_risk_factor
[2025-12-29 00:33:11] [INFO    ] [__main__:73]   ✓ 添加列: quality_cap
[2025-12-29 00:33:11] [INFO    ] [__main__:87] 
✓ 迁移完成！添加了 4 个新列
[2025-12-29 00:33:11] [INFO    ] [__main__:88] ================================================================================
[2025-12-29 00:33:11] [INFO    ] [__main__:122] 迁移存档: Player Company_1946_02da0eca.db
[2025-12-29 00:33:11] [INFO    ] [__main__:28] 开始迁移数据库: C:\project\Car-tycoon-game\data\saves\Player Company_1946_02da0eca.db
[2025-12-29 00:33:11] [INFO    ] [__main__:46] 发现 36 个现有列
[2025-12-29 00:33:11] [INFO    ] [__main__:73]   ✓ 添加列: source_type
[2025-12-29 00:33:11] [INFO    ] [__main__:73]   ✓ 添加列: original_competitor_id
[2025-12-29 00:33:11] [INFO    ] [__main__:73]   ✓ 添加列: legal_risk_factor
[2025-12-29 00:33:11] [INFO    ] [__main__:73]   ✓ 添加列: quality_cap
[2025-12-29 00:33:11] [INFO    ] [__main__:87] 
✓ 迁移完成！添加了 4 个新列
[2025-12-29 00:33:11] [INFO    ] [__main__:88] ================================================================================
[2025-12-29 00:33:11] [INFO    ] [__main__:122] 迁移存档: Player Company_1946_08aa7305.db
[2025-12-29 00:33:11] [INFO    ] [__main__:28] 开始迁移数据库: C:\project\Car-tycoon-game\data\saves\Player Company_1946_08aa7305.db
[2025-12-29 00:33:11] [INFO    ] [__main__:46] 发现 36 个现有列
[2025-12-29 00:33:11] [INFO    ] [__main__:73]   ✓ 添加列: source_type
[2025-12-29 00:33:11] [INFO    ] [__main__:73]   ✓ 添加列: original_competitor_id
[2025-12-29 00:33:11] [INFO    ] [__main__:73]   ✓ 添加列: legal_risk_factor
[2025-12-29 00:33:11] [INFO    ] [__main__:73]   ✓ 添加列: quality_cap
[2025-12-29 00:33:11] [INFO    ] [__main__:87] 
✓ 迁移完成！添加了 4 个新列
[2025-12-29 00:33:11] [INFO    ] [__main__:88] ================================================================================
[2025-12-29 00:33:11] [INFO    ] [__main__:122] 迁移存档: Player Company_1946_110407c5.db
[2025-12-29 00:33:11] [INFO    ] [__main__:28] 开始迁移数据库: C:\project\Car-tycoon-game\data\saves\Player Company_1946_110407c5.db
[2025-12-29 00:33:11] [INFO    ] [__main__:46] 发现 36 个现有列
[2025-12-29 00:33:12] [INFO    ] [__main__:73]   ✓ 添加列: source_type
[2025-12-29 00:33:12] [INFO    ] [__main__:73]   ✓ 添加列: original_competitor_id
[2025-12-29 00:33:12] [INFO    ] [__main__:73]   ✓ 添加列: legal_risk_factor
[2025-12-29 00:33:12] [INFO    ] [__main__:73]   ✓ 添加列: quality_cap
[2025-12-29 00:33:12] [INFO    ] [__main__:87] 
✓ 迁移完成！添加了 4 个新列
[2025-12-29 00:33:12] [INFO    ] [__main__:88] ================================================================================
[2025-12-29 00:33:12] [INFO    ] [__main__:122] 迁移存档: Player Company_1946_14f51f5a.db
[2025-12-29 00:33:12] [INFO    ] [__main__:28] 开始迁移数据库: C:\project\Car-tycoon-game\data\saves\Player Company_1946_14f51f5a.db
[2025-12-29 00:33:12] [INFO    ] [__main__:46] 发现 36 个现有列
[2025-12-29 00:33:12] [INFO    ] [__main__:73]   ✓ 添加列: source_type
[2025-12-29 00:33:12] [INFO    ] [__main__:73]   ✓ 添加列: original_competitor_id
[2025-12-29 00:33:12] [INFO    ] [__main__:73]   ✓ 添加列: legal_risk_factor
[2025-12-29 00:33:12] [INFO    ] [__main__:73]   ✓ 添加列: quality_cap
[2025-12-29 00:33:12] [INFO    ] [__main__:87] 
✓ 迁移完成！添加了 4 个新列
[2025-12-29 00:33:12] [INFO    ] [__main__:88] ================================================================================
[2025-12-29 00:33:12] [INFO    ] [__main__:122] 迁移存档: Player Company_1946_160fb111.db
[2025-12-29 00:33:12] [INFO    ] [__main__:28] 开始迁移数据库: C:\project\Car-tycoon-game\data\saves\Player Company_1946_160fb111.db
[2025-12-29 00:33:12] [INFO    ] [__main__:46] 发现 36 个现有列
[2025-12-29 00:33:12] [INFO    ] [__main__:73]   ✓ 添加列: source_type
[2025-12-29 00:33:12] [INFO    ] [__main__:73]   ✓ 添加列: original_competitor_id
[2025-12-29 00:33:12] [INFO    ] [__main__:73]   ✓ 添加列: legal_risk_factor
[2025-12-29 00:33:12] [INFO    ] [__main__:73]   ✓ 添加列: quality_cap
[2025-12-29 00:33:12] [INFO    ] [__main__:87] 
✓ 迁移完成！添加了 4 个新列
[2025-12-29 00:33:12] [INFO    ] [__main__:88] ================================================================================
[2025-12-29 00:33:12] [INFO    ] [__main__:122] 迁移存档: Player Company_1946_1fdb7fcd.db
[2025-12-29 00:33:12] [INFO    ] [__main__:28] 开始迁移数据库: C:\project\Car-tycoon-game\data\saves\Player Company_1946_1fdb7fcd.db
[2025-12-29 00:33:12] [INFO    ] [__main__:46] 发现 36 个现有列
[2025-12-29 00:33:12] [INFO    ] [__main__:73]   ✓ 添加列: source_type
[2025-12-29 00:33:12] [INFO    ] [__main__:73]   ✓ 添加列: original_competitor_id
[2025-12-29 00:33:12] [INFO    ] [__main__:73]   ✓ 添加列: legal_risk_factor
[2025-12-29 00:33:12] [INFO    ] [__main__:73]   ✓ 添加列: quality_cap
[2025-12-29 00:33:12] [INFO    ] [__main__:87] 
✓ 迁移完成！添加了 4 个新列
[2025-12-29 00:33:12] [INFO    ] [__main__:88] ================================================================================
[2025-12-29 00:33:12] [INFO    ] [__main__:122] 迁移存档: Player Company_1946_20d190dd.db
[2025-12-29 00:33:12] [INFO    ] [__main__:28] 开始迁移数据库: C:\project\Car-tycoon-game\data\saves\Player Company_1946_20d190dd.db
[2025-12-29 00:33:12] [INFO    ] [__main__:46] 发现 36 个现有列
[2025-12-29 00:33:12] [INFO    ] [__main__:73]   ✓ 添加列: source_type
[2025-12-29 00:33:12] [INFO    ] [__main__:73]   ✓ 添加列: original_competitor_id
[2025-12-29 00:33:12] [INFO    ] [__main__:73]   ✓ 添加列: legal_risk_factor
[2025-12-29 00:33:12] [INFO    ] [__main__:73]   ✓ 添加列: quality_cap
[2025-12-29 00:33:12] [INFO    ] [__main__:87] 
✓ 迁移完成！添加了 4 个新列
[2025-12-29 00:33:12] [INFO    ] [__main__:88] ================================================================================
[2025-12-29 00:33:12] [INFO    ] [__main__:122] 迁移存档: Player Company_1946_2387c14d.db
[2025-12-29 00:33:12] [INFO    ] [__main__:28] 开始迁移数据库: C:\project\Car-tycoon-game\data\saves\Player Company_1946_2387c14d.db
[2025-12-29 00:33:12] [INFO    ] [__main__:46] 发现 36 个现有列
[2025-12-29 00:33:12] [INFO    ] [__main__:73]   ✓ 添加列: source_type
[2025-12-29 00:33:12] [INFO    ] [__main__:73]   ✓ 添加列: original_competitor_id
[2025-12-29 00:33:12] [INFO    ] [__main__:73]   ✓ 添加列: legal_risk_factor
[2025-12-29 00:33:12] [INFO    ] [__main__:73]   ✓ 添加列: quality_cap
[2025-12-29 00:33:12] [INFO    ] [__main__:87] 
✓ 迁移完成！添加了 4 个新列
[2025-12-29 00:33:12] [INFO    ] [__main__:88] ================================================================================
[2025-12-29 00:33:12] [INFO    ] [__main__:122] 迁移存档: Player Company_1946_2f5fa486.db
[2025-12-29 00:33:12] [INFO    ] [__main__:28] 开始迁移数据库: C:\project\Car-tycoon-game\data\saves\Player Company_1946_2f5fa486.db
[2025-12-29 00:33:12] [INFO    ] [__main__:46] 发现 36 个现有列
[2025-12-29 00:33:12] [INFO    ] [__main__:73]   ✓ 添加列: source_type
[2025-12-29 00:33:12] [INFO    ] [__main__:73]   ✓ 添加列: original_competitor_id
[2025-12-29 00:33:12] [INFO    ] [__main__:73]   ✓ 添加列: legal_risk_factor
[2025-12-29 00:33:12] [INFO    ] [__main__:73]   ✓ 添加列: quality_cap
[2025-12-29 00:33:12] [INFO    ] [__main__:87] 
✓ 迁移完成！添加了 4 个新列
[2025-12-29 00:33:12] [INFO    ] [__main__:88] ================================================================================
[2025-12-29 00:33:12] [INFO    ] [__main__:122] 迁移存档: Player Company_1946_350353d0.db
[2025-12-29 00:33:12] [INFO    ] [__main__:28] 开始迁移数据库: C:\project\Car-tycoon-game\data\saves\Player Company_1946_350353d0.db
[2025-12-29 00:33:12] [INFO    ] [__main__:46] 发现 36 个现有列
[2025-12-29 00:33:12] [INFO    ] [__main__:73]   ✓ 添加列: source_type
[2025-12-29 00:33:12] [INFO    ] [__main__:73]   ✓ 添加列: original_competitor_id
[2025-12-29 00:33:12] [INFO    ] [__main__:73]   ✓ 添加列: legal_risk_factor
[2025-12-29 00:33:12] [INFO    ] [__main__:73]   ✓ 添加列: quality_cap
[2025-12-29 00:33:12] [INFO    ] [__main__:87] 
✓ 迁移完成！添加了 4 个新列
[2025-12-29 00:33:12] [INFO    ] [__main__:88] ================================================================================
[2025-12-29 00:33:12] [INFO    ] [__main__:122] 迁移存档: Player Company_1946_3994da77.db
[2025-12-29 00:33:12] [INFO    ] [__main__:28] 开始迁移数据库: C:\project\Car-tycoon-game\data\saves\Player Company_1946_3994da77.db
[2025-12-29 00:33:12] [INFO    ] [__main__:46] 发现 36 个现有列
[2025-12-29 00:33:12] [INFO    ] [__main__:73]   ✓ 添加列: source_type
[2025-12-29 00:33:12] [INFO    ] [__main__:73]   ✓ 添加列: original_competitor_id
[2025-12-29 00:33:12] [INFO    ] [__main__:73]   ✓ 添加列: legal_risk_factor
[2025-12-29 00:33:12] [INFO    ] [__main__:73]   ✓ 添加列: quality_cap
[2025-12-29 00:33:12] [INFO    ] [__main__:87] 
✓ 迁移完成！添加了 4 个新列
[2025-12-29 00:33:12] [INFO    ] [__main__:88] ================================================================================
[2025-12-29 00:33:12] [INFO    ] [__main__:122] 迁移存档: Player Company_1946_3be45ba5.db
[2025-12-29 00:33:12] [INFO    ] [__main__:28] 开始迁移数据库: C:\project\Car-tycoon-game\data\saves\Player Company_1946_3be45ba5.db
[2025-12-29 00:33:12] [INFO    ] [__main__:46] 发现 36 个现有列
[2025-12-29 00:33:12] [INFO    ] [__main__:73]   ✓ 添加列: source_type
[2025-12-29 00:33:12] [INFO    ] [__main__:73]   ✓ 添加列: original_competitor_id
[2025-12-29 00:33:12] [INFO    ] [__main__:73]   ✓ 添加列: legal_risk_factor
[2025-12-29 00:33:12] [INFO    ] [__main__:73]   ✓ 添加列: quality_cap
[2025-12-29 00:33:12] [INFO    ] [__main__:87] 
✓ 迁移完成！添加了 4 个新列
[2025-12-29 00:33:12] [INFO    ] [__main__:88] ================================================================================
[2025-12-29 00:33:12] [INFO    ] [__main__:122] 迁移存档: Player Company_1946_42ad4df0.db
[2025-12-29 00:33:12] [INFO    ] [__main__:28] 开始迁移数据库: C:\project\Car-tycoon-game\data\saves\Player Company_1946_42ad4df0.db
[2025-12-29 00:33:12] [INFO    ] [__main__:46] 发现 36 个现有列
[2025-12-29 00:33:12] [INFO    ] [__main__:73]   ✓ 添加列: source_type
[2025-12-29 00:33:12] [INFO    ] [__main__:73]   ✓ 添加列: original_competitor_id
[2025-12-29 00:33:12] [INFO    ] [__main__:73]   ✓ 添加列: legal_risk_factor
[2025-12-29 00:33:12] [INFO    ] [__main__:73]   ✓ 添加列: quality_cap
[2025-12-29 00:33:12] [INFO    ] [__main__:87] 
✓ 迁移完成！添加了 4 个新列
[2025-12-29 00:33:12] [INFO    ] [__main__:88] ================================================================================
[2025-12-29 00:33:12] [INFO    ] [__main__:122] 迁移存档: Player Company_1946_448bf3db.db
[2025-12-29 00:33:12] [INFO    ] [__main__:28] 开始迁移数据库: C:\project\Car-tycoon-game\data\saves\Player Company_1946_448bf3db.db
[2025-12-29 00:33:12] [INFO    ] [__main__:46] 发现 36 个现有列
[2025-12-29 00:33:12] [INFO    ] [__main__:73]   ✓ 添加列: source_type
[2025-12-29 00:33:12] [INFO    ] [__main__:73]   ✓ 添加列: original_competitor_id
[2025-12-29 00:33:12] [INFO    ] [__main__:73]   ✓ 添加列: legal_risk_factor
[2025-12-29 00:33:12] [INFO    ] [__main__:73]   ✓ 添加列: quality_cap
[2025-12-29 00:33:12] [INFO    ] [__main__:87] 
✓ 迁移完成！添加了 4 个新列
[2025-12-29 00:33:12] [INFO    ] [__main__:88] ================================================================================
[2025-12-29 00:33:12] [INFO    ] [__main__:122] 迁移存档: Player Company_1946_4c5d5f2d.db
[2025-12-29 00:33:12] [INFO    ] [__main__:28] 开始迁移数据库: C:\project\Car-tycoon-game\data\saves\Player Company_1946_4c5d5f2d.db
[2025-12-29 00:33:12] [INFO    ] [__main__:46] 发现 36 个现有列
[2025-12-29 00:33:12] [INFO    ] [__main__:73]   ✓ 添加列: source_type
[2025-12-29 00:33:12] [INFO    ] [__main__:73]   ✓ 添加列: original_competitor_id
[2025-12-29 00:33:12] [INFO    ] [__main__:73]   ✓ 添加列: legal_risk_factor
[2025-12-29 00:33:12] [INFO    ] [__main__:73]   ✓ 添加列: quality_cap
[2025-12-29 00:33:12] [INFO    ] [__main__:87] 
✓ 迁移完成！添加了 4 个新列
[2025-12-29 00:33:12] [INFO    ] [__main__:88] ================================================================================
[2025-12-29 00:33:12] [INFO    ] [__main__:122] 迁移存档: Player Company_1946_53ea2b13.db
[2025-12-29 00:33:12] [INFO    ] [__main__:28] 开始迁移数据库: C:\project\Car-tycoon-game\data\saves\Player Company_1946_53ea2b13.db
[2025-12-29 00:33:12] [INFO    ] [__main__:46] 发现 36 个现有列
[2025-12-29 00:33:12] [INFO    ] [__main__:73]   ✓ 添加列: source_type
[2025-12-29 00:33:12] [INFO    ] [__main__:73]   ✓ 添加列: original_competitor_id
[2025-12-29 00:33:12] [INFO    ] [__main__:73]   ✓ 添加列: legal_risk_factor
[2025-12-29 00:33:12] [INFO    ] [__main__:73]   ✓ 添加列: quality_cap
[2025-12-29 00:33:12] [INFO    ] [__main__:87] 
✓ 迁移完成！添加了 4 个新列
[2025-12-29 00:33:12] [INFO    ] [__main__:88] ================================================================================
[2025-12-29 00:33:12] [INFO    ] [__main__:122] 迁移存档: Player Company_1946_59aa4efd.db
[2025-12-29 00:33:12] [INFO    ] [__main__:28] 开始迁移数据库: C:\project\Car-tycoon-game\data\saves\Player Company_1946_59aa4efd.db
[2025-12-29 00:33:12] [INFO    ] [__main__:46] 发现 36 个现有列
[2025-12-29 00:33:12] [INFO    ] [__main__:73]   ✓ 添加列: source_type
[2025-12-29 00:33:12] [INFO    ] [__main__:73]   ✓ 添加列: original_competitor_id
[2025-12-29 00:33:12] [INFO    ] [__main__:73]   ✓ 添加列: legal_risk_factor
[2025-12-29 00:33:12] [INFO    ] [__main__:73]   ✓ 添加列: quality_cap
[2025-12-29 00:33:12] [INFO    ] [__main__:87] 
✓ 迁移完成！添加了 4 个新列
[2025-12-29 00:33:12] [INFO    ] [__main__:88] ================================================================================
[2025-12-29 00:33:12] [INFO    ] [__main__:122] 迁移存档: Player Company_1946_5b3cc3ee.db
[2025-12-29 00:33:12] [INFO    ] [__main__:28] 开始迁移数据库: C:\project\Car-tycoon-game\data\saves\Player Company_1946_5b3cc3ee.db
[2025-12-29 00:33:12] [INFO    ] [__main__:46] 发现 36 个现有列
[2025-12-29 00:33:12] [INFO    ] [__main__:73]   ✓ 添加列: source_type
[2025-12-29 00:33:12] [INFO    ] [__main__:73]   ✓ 添加列: original_competitor_id
[2025-12-29 00:33:12] [INFO    ] [__main__:73]   ✓ 添加列: legal_risk_factor
[2025-12-29 00:33:12] [INFO    ] [__main__:73]   ✓ 添加列: quality_cap
[2025-12-29 00:33:12] [INFO    ] [__main__:87] 
✓ 迁移完成！添加了 4 个新列
[2025-12-29 00:33:12] [INFO    ] [__main__:88] ================================================================================
[2025-12-29 00:33:12] [INFO    ] [__main__:122] 迁移存档: Player Company_1946_63241ccd.db
[2025-12-29 00:33:12] [INFO    ] [__main__:28] 开始迁移数据库: C:\project\Car-tycoon-game\data\saves\Player Company_1946_63241ccd.db
[2025-12-29 00:33:12] [INFO    ] [__main__:46] 发现 36 个现有列
[2025-12-29 00:33:12] [INFO    ] [__main__:73]   ✓ 添加列: source_type
[2025-12-29 00:33:12] [INFO    ] [__main__:73]   ✓ 添加列: original_competitor_id
[2025-12-29 00:33:12] [INFO    ] [__main__:73]   ✓ 添加列: legal_risk_factor
[2025-12-29 00:33:12] [INFO    ] [__main__:73]   ✓ 添加列: quality_cap
[2025-12-29 00:33:12] [INFO    ] [__main__:87] 
✓ 迁移完成！添加了 4 个新列
[2025-12-29 00:33:12] [INFO    ] [__main__:88] ================================================================================
[2025-12-29 00:33:12] [INFO    ] [__main__:122] 迁移存档: Player Company_1946_65467569.db
[2025-12-29 00:33:12] [INFO    ] [__main__:28] 开始迁移数据库: C:\project\Car-tycoon-game\data\saves\Player Company_1946_65467569.db
[2025-12-29 00:33:12] [INFO    ] [__main__:46] 发现 36 个现有列
[2025-12-29 00:33:12] [INFO    ] [__main__:73]   ✓ 添加列: source_type
[2025-12-29 00:33:12] [INFO    ] [__main__:73]   ✓ 添加列: original_competitor_id
[2025-12-29 00:33:12] [INFO    ] [__main__:73]   ✓ 添加列: legal_risk_factor
[2025-12-29 00:33:12] [INFO    ] [__main__:73]   ✓ 添加列: quality_cap
[2025-12-29 00:33:12] [INFO    ] [__main__:87] 
✓ 迁移完成！添加了 4 个新列
[2025-12-29 00:33:12] [INFO    ] [__main__:88] ================================================================================
[2025-12-29 00:33:12] [INFO    ] [__main__:122] 迁移存档: Player Company_1946_66bae496.db
[2025-12-29 00:33:12] [INFO    ] [__main__:28] 开始迁移数据库: C:\project\Car-tycoon-game\data\saves\Player Company_1946_66bae496.db
[2025-12-29 00:33:12] [INFO    ] [__main__:46] 发现 36 个现有列
[2025-12-29 00:33:12] [INFO    ] [__main__:73]   ✓ 添加列: source_type
[2025-12-29 00:33:12] [INFO    ] [__main__:73]   ✓ 添加列: original_competitor_id
[2025-12-29 00:33:12] [INFO    ] [__main__:73]   ✓ 添加列: legal_risk_factor
[2025-12-29 00:33:12] [INFO    ] [__main__:73]   ✓ 添加列: quality_cap
[2025-12-29 00:33:12] [INFO    ] [__main__:87] 
✓ 迁移完成！添加了 4 个新列
[2025-12-29 00:33:12] [INFO    ] [__main__:88] ================================================================================
[2025-12-29 00:33:12] [INFO    ] [__main__:122] 迁移存档: Player Company_1946_7118366c.db
[2025-12-29 00:33:12] [INFO    ] [__main__:28] 开始迁移数据库: C:\project\Car-tycoon-game\data\saves\Player Company_1946_7118366c.db
[2025-12-29 00:33:12] [INFO    ] [__main__:46] 发现 36 个现有列
[2025-12-29 00:33:12] [INFO    ] [__main__:73]   ✓ 添加列: source_type
[2025-12-29 00:33:12] [INFO    ] [__main__:73]   ✓ 添加列: original_competitor_id
[2025-12-29 00:33:12] [INFO    ] [__main__:73]   ✓ 添加列: legal_risk_factor
[2025-12-29 00:33:12] [INFO    ] [__main__:73]   ✓ 添加列: quality_cap
[2025-12-29 00:33:12] [INFO    ] [__main__:87] 
✓ 迁移完成！添加了 4 个新列
[2025-12-29 00:33:12] [INFO    ] [__main__:88] ================================================================================
[2025-12-29 00:33:12] [INFO    ] [__main__:122] 迁移存档: Player Company_1946_74531609.db
[2025-12-29 00:33:12] [INFO    ] [__main__:28] 开始迁移数据库: C:\project\Car-tycoon-game\data\saves\Player Company_1946_74531609.db
[2025-12-29 00:33:12] [INFO    ] [__main__:46] 发现 36 个现有列
[2025-12-29 00:33:12] [INFO    ] [__main__:73]   ✓ 添加列: source_type
[2025-12-29 00:33:12] [INFO    ] [__main__:73]   ✓ 添加列: original_competitor_id
[2025-12-29 00:33:12] [INFO    ] [__main__:73]   ✓ 添加列: legal_risk_factor
[2025-12-29 00:33:12] [INFO    ] [__main__:73]   ✓ 添加列: quality_cap
[2025-12-29 00:33:12] [INFO    ] [__main__:87] 
✓ 迁移完成！添加了 4 个新列
[2025-12-29 00:33:12] [INFO    ] [__main__:88] ================================================================================
[2025-12-29 00:33:12] [INFO    ] [__main__:122] 迁移存档: Player Company_1946_76d897c7.db
[2025-12-29 00:33:12] [INFO    ] [__main__:28] 开始迁移数据库: C:\project\Car-tycoon-game\data\saves\Player Company_1946_76d897c7.db
[2025-12-29 00:33:12] [INFO    ] [__main__:46] 发现 36 个现有列
[2025-12-29 00:33:12] [INFO    ] [__main__:73]   ✓ 添加列: source_type
[2025-12-29 00:33:12] [INFO    ] [__main__:73]   ✓ 添加列: original_competitor_id
[2025-12-29 00:33:12] [INFO    ] [__main__:73]   ✓ 添加列: legal_risk_factor
[2025-12-29 00:33:12] [INFO    ] [__main__:73]   ✓ 添加列: quality_cap
[2025-12-29 00:33:12] [INFO    ] [__main__:87] 
✓ 迁移完成！添加了 4 个新列
[2025-12-29 00:33:12] [INFO    ] [__main__:88] ================================================================================
[2025-12-29 00:33:12] [INFO    ] [__main__:122] 迁移存档: Player Company_1946_7d947286.db
[2025-12-29 00:33:12] [INFO    ] [__main__:28] 开始迁移数据库: C:\project\Car-tycoon-game\data\saves\Player Company_1946_7d947286.db
[2025-12-29 00:33:12] [INFO    ] [__main__:46] 发现 36 个现有列
[2025-12-29 00:33:12] [INFO    ] [__main__:73]   ✓ 添加列: source_type
[2025-12-29 00:33:12] [INFO    ] [__main__:73]   ✓ 添加列: original_competitor_id
[2025-12-29 00:33:12] [INFO    ] [__main__:73]   ✓ 添加列: legal_risk_factor
[2025-12-29 00:33:12] [INFO    ] [__main__:73]   ✓ 添加列: quality_cap
[2025-12-29 00:33:12] [INFO    ] [__main__:87] 
✓ 迁移完成！添加了 4 个新列
[2025-12-29 00:33:12] [INFO    ] [__main__:88] ================================================================================
[2025-12-29 00:33:12] [INFO    ] [__main__:122] 迁移存档: Player Company_1946_7df95b9c.db
[2025-12-29 00:33:12] [INFO    ] [__main__:28] 开始迁移数据库: C:\project\Car-tycoon-game\data\saves\Player Company_1946_7df95b9c.db
[2025-12-29 00:33:12] [INFO    ] [__main__:46] 发现 36 个现有列
[2025-12-29 00:33:12] [INFO    ] [__main__:73]   ✓ 添加列: source_type
[2025-12-29 00:33:12] [INFO    ] [__main__:73]   ✓ 添加列: original_competitor_id
[2025-12-29 00:33:12] [INFO    ] [__main__:73]   ✓ 添加列: legal_risk_factor
[2025-12-29 00:33:12] [INFO    ] [__main__:73]   ✓ 添加列: quality_cap
[2025-12-29 00:33:12] [INFO    ] [__main__:87] 
✓ 迁移完成！添加了 4 个新列
[2025-12-29 00:33:12] [INFO    ] [__main__:88] ================================================================================
[2025-12-29 00:33:12] [INFO    ] [__main__:122] 迁移存档: Player Company_1946_822211c7.db
[2025-12-29 00:33:12] [INFO    ] [__main__:28] 开始迁移数据库: C:\project\Car-tycoon-game\data\saves\Player Company_1946_822211c7.db
[2025-12-29 00:33:12] [INFO    ] [__main__:46] 发现 36 个现有列
[2025-12-29 00:33:12] [INFO    ] [__main__:73]   ✓ 添加列: source_type
[2025-12-29 00:33:12] [INFO    ] [__main__:73]   ✓ 添加列: original_competitor_id
[2025-12-29 00:33:12] [INFO    ] [__main__:73]   ✓ 添加列: legal_risk_factor
[2025-12-29 00:33:12] [INFO    ] [__main__:73]   ✓ 添加列: quality_cap
[2025-12-29 00:33:12] [INFO    ] [__main__:87] 
✓ 迁移完成！添加了 4 个新列
[2025-12-29 00:33:12] [INFO    ] [__main__:88] ================================================================================
[2025-12-29 00:33:12] [INFO    ] [__main__:122] 迁移存档: Player Company_1946_88c5ed4a.db
[2025-12-29 00:33:12] [INFO    ] [__main__:28] 开始迁移数据库: C:\project\Car-tycoon-game\data\saves\Player Company_1946_88c5ed4a.db
[2025-12-29 00:33:12] [INFO    ] [__main__:46] 发现 36 个现有列
[2025-12-29 00:33:12] [INFO    ] [__main__:73]   ✓ 添加列: source_type
[2025-12-29 00:33:12] [INFO    ] [__main__:73]   ✓ 添加列: original_competitor_id
[2025-12-29 00:33:12] [INFO    ] [__main__:73]   ✓ 添加列: legal_risk_factor
[2025-12-29 00:33:12] [INFO    ] [__main__:73]   ✓ 添加列: quality_cap
[2025-12-29 00:33:12] [INFO    ] [__main__:87] 
✓ 迁移完成！添加了 4 个新列
[2025-12-29 00:33:12] [INFO    ] [__main__:88] ================================================================================
[2025-12-29 00:33:12] [INFO    ] [__main__:122] 迁移存档: Player Company_1946_8d1cc478.db
[2025-12-29 00:33:12] [INFO    ] [__main__:28] 开始迁移数据库: C:\project\Car-tycoon-game\data\saves\Player Company_1946_8d1cc478.db
[2025-12-29 00:33:12] [INFO    ] [__main__:46] 发现 36 个现有列
[2025-12-29 00:33:12] [INFO    ] [__main__:73]   ✓ 添加列: source_type
[2025-12-29 00:33:12] [INFO    ] [__main__:73]   ✓ 添加列: original_competitor_id
[2025-12-29 00:33:12] [INFO    ] [__main__:73]   ✓ 添加列: legal_risk_factor
[2025-12-29 00:33:12] [INFO    ] [__main__:73]   ✓ 添加列: quality_cap
[2025-12-29 00:33:12] [INFO    ] [__main__:87] 
✓ 迁移完成！添加了 4 个新列
[2025-12-29 00:33:12] [INFO    ] [__main__:88] ================================================================================
[2025-12-29 00:33:12] [INFO    ] [__main__:122] 迁移存档: Player Company_1946_8d29e68c.db
[2025-12-29 00:33:12] [INFO    ] [__main__:28] 开始迁移数据库: C:\project\Car-tycoon-game\data\saves\Player Company_1946_8d29e68c.db
[2025-12-29 00:33:12] [INFO    ] [__main__:46] 发现 36 个现有列
[2025-12-29 00:33:12] [INFO    ] [__main__:73]   ✓ 添加列: source_type
[2025-12-29 00:33:12] [INFO    ] [__main__:73]   ✓ 添加列: original_competitor_id
[2025-12-29 00:33:12] [INFO    ] [__main__:73]   ✓ 添加列: legal_risk_factor
[2025-12-29 00:33:12] [INFO    ] [__main__:73]   ✓ 添加列: quality_cap
[2025-12-29 00:33:12] [INFO    ] [__main__:87] 
✓ 迁移完成！添加了 4 个新列
[2025-12-29 00:33:12] [INFO    ] [__main__:88] ================================================================================
[2025-12-29 00:33:12] [INFO    ] [__main__:122] 迁移存档: Player Company_1946_8f98bb15.db
[2025-12-29 00:33:12] [INFO    ] [__main__:28] 开始迁移数据库: C:\project\Car-tycoon-game\data\saves\Player Company_1946_8f98bb15.db
[2025-12-29 00:33:12] [INFO    ] [__main__:46] 发现 36 个现有列
[2025-12-29 00:33:12] [INFO    ] [__main__:73]   ✓ 添加列: source_type
[2025-12-29 00:33:12] [INFO    ] [__main__:73]   ✓ 添加列: original_competitor_id
[2025-12-29 00:33:12] [INFO    ] [__main__:73]   ✓ 添加列: legal_risk_factor
[2025-12-29 00:33:12] [INFO    ] [__main__:73]   ✓ 添加列: quality_cap
[2025-12-29 00:33:12] [INFO    ] [__main__:87] 
✓ 迁移完成！添加了 4 个新列
[2025-12-29 00:33:12] [INFO    ] [__main__:88] ================================================================================
[2025-12-29 00:33:12] [INFO    ] [__main__:122] 迁移存档: Player Company_1946_8fafb7ae.db
[2025-12-29 00:33:12] [INFO    ] [__main__:28] 开始迁移数据库: C:\project\Car-tycoon-game\data\saves\Player Company_1946_8fafb7ae.db
[2025-12-29 00:33:12] [INFO    ] [__main__:46] 发现 36 个现有列
[2025-12-29 00:33:12] [INFO    ] [__main__:73]   ✓ 添加列: source_type
[2025-12-29 00:33:12] [INFO    ] [__main__:73]   ✓ 添加列: original_competitor_id
[2025-12-29 00:33:12] [INFO    ] [__main__:73]   ✓ 添加列: legal_risk_factor
[2025-12-29 00:33:12] [INFO    ] [__main__:73]   ✓ 添加列: quality_cap
[2025-12-29 00:33:12] [INFO    ] [__main__:87] 
✓ 迁移完成！添加了 4 个新列
[2025-12-29 00:33:12] [INFO    ] [__main__:88] ================================================================================
[2025-12-29 00:33:12] [INFO    ] [__main__:122] 迁移存档: Player Company_1946_9a8f3b71.db
[2025-12-29 00:33:12] [INFO    ] [__main__:28] 开始迁移数据库: C:\project\Car-tycoon-game\data\saves\Player Company_1946_9a8f3b71.db
[2025-12-29 00:33:12] [INFO    ] [__main__:46] 发现 36 个现有列
[2025-12-29 00:33:12] [INFO    ] [__main__:73]   ✓ 添加列: source_type
[2025-12-29 00:33:12] [INFO    ] [__main__:73]   ✓ 添加列: original_competitor_id
[2025-12-29 00:33:12] [INFO    ] [__main__:73]   ✓ 添加列: legal_risk_factor
[2025-12-29 00:33:12] [INFO    ] [__main__:73]   ✓ 添加列: quality_cap
[2025-12-29 00:33:12] [INFO    ] [__main__:87] 
✓ 迁移完成！添加了 4 个新列
[2025-12-29 00:33:12] [INFO    ] [__main__:88] ================================================================================
[2025-12-29 00:33:12] [INFO    ] [__main__:122] 迁移存档: Player Company_1946_9ea6b08d.db
[2025-12-29 00:33:12] [INFO    ] [__main__:28] 开始迁移数据库: C:\project\Car-tycoon-game\data\saves\Player Company_1946_9ea6b08d.db
[2025-12-29 00:33:12] [INFO    ] [__main__:46] 发现 36 个现有列
[2025-12-29 00:33:12] [INFO    ] [__main__:73]   ✓ 添加列: source_type
[2025-12-29 00:33:12] [INFO    ] [__main__:73]   ✓ 添加列: original_competitor_id
[2025-12-29 00:33:12] [INFO    ] [__main__:73]   ✓ 添加列: legal_risk_factor
[2025-12-29 00:33:12] [INFO    ] [__main__:73]   ✓ 添加列: quality_cap
[2025-12-29 00:33:12] [INFO    ] [__main__:87] 
✓ 迁移完成！添加了 4 个新列
[2025-12-29 00:33:12] [INFO    ] [__main__:88] ================================================================================
[2025-12-29 00:33:12] [INFO    ] [__main__:122] 迁移存档: Player Company_1946_aa992552.db
[2025-12-29 00:33:12] [INFO    ] [__main__:28] 开始迁移数据库: C:\project\Car-tycoon-game\data\saves\Player Company_1946_aa992552.db
[2025-12-29 00:33:12] [INFO    ] [__main__:46] 发现 36 个现有列
[2025-12-29 00:33:12] [INFO    ] [__main__:73]   ✓ 添加列: source_type
[2025-12-29 00:33:12] [INFO    ] [__main__:73]   ✓ 添加列: original_competitor_id
[2025-12-29 00:33:12] [INFO    ] [__main__:73]   ✓ 添加列: legal_risk_factor
[2025-12-29 00:33:12] [INFO    ] [__main__:73]   ✓ 添加列: quality_cap
[2025-12-29 00:33:12] [INFO    ] [__main__:87] 
✓ 迁移完成！添加了 4 个新列
[2025-12-29 00:33:12] [INFO    ] [__main__:88] ================================================================================
[2025-12-29 00:33:12] [INFO    ] [__main__:122] 迁移存档: Player Company_1946_af632a00.db
[2025-12-29 00:33:12] [INFO    ] [__main__:28] 开始迁移数据库: C:\project\Car-tycoon-game\data\saves\Player Company_1946_af632a00.db
[2025-12-29 00:33:12] [INFO    ] [__main__:46] 发现 36 个现有列
[2025-12-29 00:33:12] [INFO    ] [__main__:73]   ✓ 添加列: source_type
[2025-12-29 00:33:12] [INFO    ] [__main__:73]   ✓ 添加列: original_competitor_id
[2025-12-29 00:33:12] [INFO    ] [__main__:73]   ✓ 添加列: legal_risk_factor
[2025-12-29 00:33:12] [INFO    ] [__main__:73]   ✓ 添加列: quality_cap
[2025-12-29 00:33:12] [INFO    ] [__main__:87] 
✓ 迁移完成！添加了 4 个新列
[2025-12-29 00:33:12] [INFO    ] [__main__:88] ================================================================================
[2025-12-29 00:33:12] [INFO    ] [__main__:122] 迁移存档: Player Company_1946_afdf8769.db
[2025-12-29 00:33:12] [INFO    ] [__main__:28] 开始迁移数据库: C:\project\Car-tycoon-game\data\saves\Player Company_1946_afdf8769.db
[2025-12-29 00:33:12] [INFO    ] [__main__:46] 发现 36 个现有列
[2025-12-29 00:33:12] [INFO    ] [__main__:73]   ✓ 添加列: source_type
[2025-12-29 00:33:12] [INFO    ] [__main__:73]   ✓ 添加列: original_competitor_id
[2025-12-29 00:33:12] [INFO    ] [__main__:73]   ✓ 添加列: legal_risk_factor
[2025-12-29 00:33:12] [INFO    ] [__main__:73]   ✓ 添加列: quality_cap
[2025-12-29 00:33:12] [INFO    ] [__main__:87] 
✓ 迁移完成！添加了 4 个新列
[2025-12-29 00:33:12] [INFO    ] [__main__:88] ================================================================================
[2025-12-29 00:33:12] [INFO    ] [__main__:122] 迁移存档: Player Company_1946_b1c81e33.db
[2025-12-29 00:33:12] [INFO    ] [__main__:28] 开始迁移数据库: C:\project\Car-tycoon-game\data\saves\Player Company_1946_b1c81e33.db
[2025-12-29 00:33:12] [INFO    ] [__main__:46] 发现 36 个现有列
[2025-12-29 00:33:12] [INFO    ] [__main__:73]   ✓ 添加列: source_type
[2025-12-29 00:33:12] [INFO    ] [__main__:73]   ✓ 添加列: original_competitor_id
[2025-12-29 00:33:12] [INFO    ] [__main__:73]   ✓ 添加列: legal_risk_factor
[2025-12-29 00:33:12] [INFO    ] [__main__:73]   ✓ 添加列: quality_cap
[2025-12-29 00:33:12] [INFO    ] [__main__:87] 
✓ 迁移完成！添加了 4 个新列
[2025-12-29 00:33:12] [INFO    ] [__main__:88] ================================================================================
[2025-12-29 00:33:12] [INFO    ] [__main__:122] 迁移存档: Player Company_1946_b354e9eb.db
[2025-12-29 00:33:12] [INFO    ] [__main__:28] 开始迁移数据库: C:\project\Car-tycoon-game\data\saves\Player Company_1946_b354e9eb.db
[2025-12-29 00:33:12] [INFO    ] [__main__:46] 发现 36 个现有列
[2025-12-29 00:33:12] [INFO    ] [__main__:73]   ✓ 添加列: source_type
[2025-12-29 00:33:12] [INFO    ] [__main__:73]   ✓ 添加列: original_competitor_id
[2025-12-29 00:33:12] [INFO    ] [__main__:73]   ✓ 添加列: legal_risk_factor
[2025-12-29 00:33:12] [INFO    ] [__main__:73]   ✓ 添加列: quality_cap
[2025-12-29 00:33:12] [INFO    ] [__main__:87] 
✓ 迁移完成！添加了 4 个新列
[2025-12-29 00:33:12] [INFO    ] [__main__:88] ================================================================================
[2025-12-29 00:33:12] [INFO    ] [__main__:122] 迁移存档: Player Company_1946_b7f7216f.db
[2025-12-29 00:33:12] [INFO    ] [__main__:28] 开始迁移数据库: C:\project\Car-tycoon-game\data\saves\Player Company_1946_b7f7216f.db
[2025-12-29 00:33:12] [INFO    ] [__main__:46] 发现 36 个现有列
[2025-12-29 00:33:12] [INFO    ] [__main__:73]   ✓ 添加列: source_type
[2025-12-29 00:33:12] [INFO    ] [__main__:73]   ✓ 添加列: original_competitor_id
[2025-12-29 00:33:12] [INFO    ] [__main__:73]   ✓ 添加列: legal_risk_factor
[2025-12-29 00:33:12] [INFO    ] [__main__:73]   ✓ 添加列: quality_cap
[2025-12-29 00:33:12] [INFO    ] [__main__:87] 
✓ 迁移完成！添加了 4 个新列
[2025-12-29 00:33:12] [INFO    ] [__main__:88] ================================================================================
[2025-12-29 00:33:12] [INFO    ] [__main__:122] 迁移存档: Player Company_1946_b8d865cd.db
[2025-12-29 00:33:12] [INFO    ] [__main__:28] 开始迁移数据库: C:\project\Car-tycoon-game\data\saves\Player Company_1946_b8d865cd.db
[2025-12-29 00:33:13] [INFO    ] [__main__:46] 发现 36 个现有列
[2025-12-29 00:33:13] [INFO    ] [__main__:73]   ✓ 添加列: source_type
[2025-12-29 00:33:13] [INFO    ] [__main__:73]   ✓ 添加列: original_competitor_id
[2025-12-29 00:33:13] [INFO    ] [__main__:73]   ✓ 添加列: legal_risk_factor
[2025-12-29 00:33:13] [INFO    ] [__main__:73]   ✓ 添加列: quality_cap
[2025-12-29 00:33:13] [INFO    ] [__main__:87] 
✓ 迁移完成！添加了 4 个新列
[2025-12-29 00:33:13] [INFO    ] [__main__:88] ================================================================================
[2025-12-29 00:33:13] [INFO    ] [__main__:122] 迁移存档: Player Company_1946_b99ebbf7.db
[2025-12-29 00:33:13] [INFO    ] [__main__:28] 开始迁移数据库: C:\project\Car-tycoon-game\data\saves\Player Company_1946_b99ebbf7.db
[2025-12-29 00:33:13] [INFO    ] [__main__:46] 发现 36 个现有列
[2025-12-29 00:33:13] [INFO    ] [__main__:73]   ✓ 添加列: source_type
[2025-12-29 00:33:13] [INFO    ] [__main__:73]   ✓ 添加列: original_competitor_id
[2025-12-29 00:33:13] [INFO    ] [__main__:73]   ✓ 添加列: legal_risk_factor
[2025-12-29 00:33:13] [INFO    ] [__main__:73]   ✓ 添加列: quality_cap
[2025-12-29 00:33:13] [INFO    ] [__main__:87] 
✓ 迁移完成！添加了 4 个新列
[2025-12-29 00:33:13] [INFO    ] [__main__:88] ================================================================================
[2025-12-29 00:33:13] [INFO    ] [__main__:122] 迁移存档: Player Company_1946_bc86e2d8.db
[2025-12-29 00:33:13] [INFO    ] [__main__:28] 开始迁移数据库: C:\project\Car-tycoon-game\data\saves\Player Company_1946_bc86e2d8.db
[2025-12-29 00:33:13] [INFO    ] [__main__:46] 发现 36 个现有列
[2025-12-29 00:33:13] [INFO    ] [__main__:73]   ✓ 添加列: source_type
[2025-12-29 00:33:13] [INFO    ] [__main__:73]   ✓ 添加列: original_competitor_id
[2025-12-29 00:33:13] [INFO    ] [__main__:73]   ✓ 添加列: legal_risk_factor
[2025-12-29 00:33:13] [INFO    ] [__main__:73]   ✓ 添加列: quality_cap
[2025-12-29 00:33:13] [INFO    ] [__main__:87] 
✓ 迁移完成！添加了 4 个新列
[2025-12-29 00:33:13] [INFO    ] [__main__:88] ================================================================================
[2025-12-29 00:33:13] [INFO    ] [__main__:122] 迁移存档: Player Company_1946_be1ffb6a.db
[2025-12-29 00:33:13] [INFO    ] [__main__:28] 开始迁移数据库: C:\project\Car-tycoon-game\data\saves\Player Company_1946_be1ffb6a.db
[2025-12-29 00:33:13] [INFO    ] [__main__:46] 发现 36 个现有列
[2025-12-29 00:33:13] [INFO    ] [__main__:73]   ✓ 添加列: source_type
[2025-12-29 00:33:13] [INFO    ] [__main__:73]   ✓ 添加列: original_competitor_id
[2025-12-29 00:33:13] [INFO    ] [__main__:73]   ✓ 添加列: legal_risk_factor
[2025-12-29 00:33:13] [INFO    ] [__main__:73]   ✓ 添加列: quality_cap
[2025-12-29 00:33:13] [INFO    ] [__main__:87] 
✓ 迁移完成！添加了 4 个新列
[2025-12-29 00:33:13] [INFO    ] [__main__:88] ================================================================================
[2025-12-29 00:33:13] [INFO    ] [__main__:122] 迁移存档: Player Company_1946_c10eabbe.db
[2025-12-29 00:33:13] [INFO    ] [__main__:28] 开始迁移数据库: C:\project\Car-tycoon-game\data\saves\Player Company_1946_c10eabbe.db
[2025-12-29 00:33:13] [INFO    ] [__main__:46] 发现 36 个现有列
[2025-12-29 00:33:13] [INFO    ] [__main__:73]   ✓ 添加列: source_type
[2025-12-29 00:33:13] [INFO    ] [__main__:73]   ✓ 添加列: original_competitor_id
[2025-12-29 00:33:13] [INFO    ] [__main__:73]   ✓ 添加列: legal_risk_factor
[2025-12-29 00:33:13] [INFO    ] [__main__:73]   ✓ 添加列: quality_cap
[2025-12-29 00:33:13] [INFO    ] [__main__:87] 
✓ 迁移完成！添加了 4 个新列
[2025-12-29 00:33:13] [INFO    ] [__main__:88] ================================================================================
[2025-12-29 00:33:13] [INFO    ] [__main__:122] 迁移存档: Player Company_1946_c3cef76e.db
[2025-12-29 00:33:13] [INFO    ] [__main__:28] 开始迁移数据库: C:\project\Car-tycoon-game\data\saves\Player Company_1946_c3cef76e.db
[2025-12-29 00:33:13] [INFO    ] [__main__:46] 发现 36 个现有列
[2025-12-29 00:33:13] [INFO    ] [__main__:73]   ✓ 添加列: source_type
[2025-12-29 00:33:13] [INFO    ] [__main__:73]   ✓ 添加列: original_competitor_id
[2025-12-29 00:33:13] [INFO    ] [__main__:73]   ✓ 添加列: legal_risk_factor
[2025-12-29 00:33:13] [INFO    ] [__main__:73]   ✓ 添加列: quality_cap
[2025-12-29 00:33:13] [INFO    ] [__main__:87] 
✓ 迁移完成！添加了 4 个新列
[2025-12-29 00:33:13] [INFO    ] [__main__:88] ================================================================================
[2025-12-29 00:33:13] [INFO    ] [__main__:122] 迁移存档: Player Company_1946_c8602b07.db
[2025-12-29 00:33:13] [INFO    ] [__main__:28] 开始迁移数据库: C:\project\Car-tycoon-game\data\saves\Player Company_1946_c8602b07.db
[2025-12-29 00:33:13] [INFO    ] [__main__:46] 发现 36 个现有列
[2025-12-29 00:33:13] [INFO    ] [__main__:73]   ✓ 添加列: source_type
[2025-12-29 00:33:13] [INFO    ] [__main__:73]   ✓ 添加列: original_competitor_id
[2025-12-29 00:33:13] [INFO    ] [__main__:73]   ✓ 添加列: legal_risk_factor
[2025-12-29 00:33:13] [INFO    ] [__main__:73]   ✓ 添加列: quality_cap
[2025-12-29 00:33:13] [INFO    ] [__main__:87] 
✓ 迁移完成！添加了 4 个新列
[2025-12-29 00:33:13] [INFO    ] [__main__:88] ================================================================================
[2025-12-29 00:33:13] [INFO    ] [__main__:122] 迁移存档: Player Company_1946_d91dbc9c.db
[2025-12-29 00:33:13] [INFO    ] [__main__:28] 开始迁移数据库: C:\project\Car-tycoon-game\data\saves\Player Company_1946_d91dbc9c.db
[2025-12-29 00:33:13] [INFO    ] [__main__:46] 发现 36 个现有列
[2025-12-29 00:33:13] [INFO    ] [__main__:73]   ✓ 添加列: source_type
[2025-12-29 00:33:13] [INFO    ] [__main__:73]   ✓ 添加列: original_competitor_id
[2025-12-29 00:33:13] [INFO    ] [__main__:73]   ✓ 添加列: legal_risk_factor
[2025-12-29 00:33:13] [INFO    ] [__main__:73]   ✓ 添加列: quality_cap
[2025-12-29 00:33:13] [INFO    ] [__main__:87] 
✓ 迁移完成！添加了 4 个新列
[2025-12-29 00:33:13] [INFO    ] [__main__:88] ================================================================================
[2025-12-29 00:33:13] [INFO    ] [__main__:122] 迁移存档: Player Company_1946_dccb0dcf.db
[2025-12-29 00:33:13] [INFO    ] [__main__:28] 开始迁移数据库: C:\project\Car-tycoon-game\data\saves\Player Company_1946_dccb0dcf.db
[2025-12-29 00:33:13] [INFO    ] [__main__:46] 发现 36 个现有列
[2025-12-29 00:33:13] [INFO    ] [__main__:73]   ✓ 添加列: source_type
[2025-12-29 00:33:13] [INFO    ] [__main__:73]   ✓ 添加列: original_competitor_id
[2025-12-29 00:33:13] [INFO    ] [__main__:73]   ✓ 添加列: legal_risk_factor
[2025-12-29 00:33:13] [INFO    ] [__main__:73]   ✓ 添加列: quality_cap
[2025-12-29 00:33:13] [INFO    ] [__main__:87] 
✓ 迁移完成！添加了 4 个新列
[2025-12-29 00:33:13] [INFO    ] [__main__:88] ================================================================================
[2025-12-29 00:33:13] [INFO    ] [__main__:122] 迁移存档: Player Company_1946_e132751d.db
[2025-12-29 00:33:13] [INFO    ] [__main__:28] 开始迁移数据库: C:\project\Car-tycoon-game\data\saves\Player Company_1946_e132751d.db
[2025-12-29 00:33:13] [INFO    ] [__main__:46] 发现 36 个现有列
[2025-12-29 00:33:13] [INFO    ] [__main__:73]   ✓ 添加列: source_type
[2025-12-29 00:33:13] [INFO    ] [__main__:73]   ✓ 添加列: original_competitor_id
[2025-12-29 00:33:13] [INFO    ] [__main__:73]   ✓ 添加列: legal_risk_factor
[2025-12-29 00:33:13] [INFO    ] [__main__:73]   ✓ 添加列: quality_cap
[2025-12-29 00:33:13] [INFO    ] [__main__:87] 
✓ 迁移完成！添加了 4 个新列
[2025-12-29 00:33:13] [INFO    ] [__main__:88] ================================================================================
[2025-12-29 00:33:13] [INFO    ] [__main__:122] 迁移存档: Player Company_1946_e202dcb9.db
[2025-12-29 00:33:13] [INFO    ] [__main__:28] 开始迁移数据库: C:\project\Car-tycoon-game\data\saves\Player Company_1946_e202dcb9.db
[2025-12-29 00:33:13] [INFO    ] [__main__:46] 发现 36 个现有列
[2025-12-29 00:33:13] [INFO    ] [__main__:73]   ✓ 添加列: source_type
[2025-12-29 00:33:13] [INFO    ] [__main__:73]   ✓ 添加列: original_competitor_id
[2025-12-29 00:33:13] [INFO    ] [__main__:73]   ✓ 添加列: legal_risk_factor
[2025-12-29 00:33:13] [INFO    ] [__main__:73]   ✓ 添加列: quality_cap
[2025-12-29 00:33:13] [INFO    ] [__main__:87] 
✓ 迁移完成！添加了 4 个新列
[2025-12-29 00:33:13] [INFO    ] [__main__:88] ================================================================================
[2025-12-29 00:33:13] [INFO    ] [__main__:122] 迁移存档: Player Company_1946_e6d89795.db
[2025-12-29 00:33:13] [INFO    ] [__main__:28] 开始迁移数据库: C:\project\Car-tycoon-game\data\saves\Player Company_1946_e6d89795.db
[2025-12-29 00:33:13] [INFO    ] [__main__:46] 发现 36 个现有列
[2025-12-29 00:33:13] [INFO    ] [__main__:73]   ✓ 添加列: source_type
[2025-12-29 00:33:13] [INFO    ] [__main__:73]   ✓ 添加列: original_competitor_id
[2025-12-29 00:33:13] [INFO    ] [__main__:73]   ✓ 添加列: legal_risk_factor
[2025-12-29 00:33:13] [INFO    ] [__main__:73]   ✓ 添加列: quality_cap
[2025-12-29 00:33:13] [INFO    ] [__main__:87] 
✓ 迁移完成！添加了 4 个新列
[2025-12-29 00:33:13] [INFO    ] [__main__:88] ================================================================================
[2025-12-29 00:33:13] [INFO    ] [__main__:122] 迁移存档: Player Company_1946_e9bc6dce.db
[2025-12-29 00:33:13] [INFO    ] [__main__:28] 开始迁移数据库: C:\project\Car-tycoon-game\data\saves\Player Company_1946_e9bc6dce.db
[2025-12-29 00:33:13] [INFO    ] [__main__:46] 发现 36 个现有列
[2025-12-29 00:33:13] [INFO    ] [__main__:73]   ✓ 添加列: source_type
[2025-12-29 00:33:13] [INFO    ] [__main__:73]   ✓ 添加列: original_competitor_id
[2025-12-29 00:33:13] [INFO    ] [__main__:73]   ✓ 添加列: legal_risk_factor
[2025-12-29 00:33:13] [INFO    ] [__main__:73]   ✓ 添加列: quality_cap
[2025-12-29 00:33:13] [INFO    ] [__main__:87] 
✓ 迁移完成！添加了 4 个新列
[2025-12-29 00:33:13] [INFO    ] [__main__:88] ================================================================================
[2025-12-29 00:33:13] [INFO    ] [__main__:122] 迁移存档: Player Company_1946_f07fecd8.db
[2025-12-29 00:33:13] [INFO    ] [__main__:28] 开始迁移数据库: C:\project\Car-tycoon-game\data\saves\Player Company_1946_f07fecd8.db
[2025-12-29 00:33:13] [INFO    ] [__main__:46] 发现 36 个现有列
[2025-12-29 00:33:13] [INFO    ] [__main__:73]   ✓ 添加列: source_type
[2025-12-29 00:33:13] [INFO    ] [__main__:73]   ✓ 添加列: original_competitor_id
[2025-12-29 00:33:13] [INFO    ] [__main__:73]   ✓ 添加列: legal_risk_factor
[2025-12-29 00:33:13] [INFO    ] [__main__:73]   ✓ 添加列: quality_cap
[2025-12-29 00:33:13] [INFO    ] [__main__:87] 
✓ 迁移完成！添加了 4 个新列
[2025-12-29 00:33:13] [INFO    ] [__main__:88] ================================================================================
[2025-12-29 00:33:13] [INFO    ] [__main__:122] 迁移存档: Player Company_1946_f990c3c4.db
[2025-12-29 00:33:13] [INFO    ] [__main__:28] 开始迁移数据库: C:\project\Car-tycoon-game\data\saves\Player Company_1946_f990c3c4.db
[2025-12-29 00:33:13] [INFO    ] [__main__:46] 发现 36 个现有列
[2025-12-29 00:33:13] [INFO    ] [__main__:73]   ✓ 添加列: source_type
[2025-12-29 00:33:13] [INFO    ] [__main__:73]   ✓ 添加列: original_competitor_id
[2025-12-29 00:33:13] [INFO    ] [__main__:73]   ✓ 添加列: legal_risk_factor
[2025-12-29 00:33:13] [INFO    ] [__main__:73]   ✓ 添加列: quality_cap
[2025-12-29 00:33:13] [INFO    ] [__main__:87] 
✓ 迁移完成！添加了 4 个新列
[2025-12-29 00:33:13] [INFO    ] [__main__:88] ================================================================================
[2025-12-29 00:33:13] [INFO    ] [__main__:122] 迁移存档: Player Company_1946_fe5eee29.db
[2025-12-29 00:33:13] [INFO    ] [__main__:28] 开始迁移数据库: C:\project\Car-tycoon-game\data\saves\Player Company_1946_fe5eee29.db
[2025-12-29 00:33:13] [INFO    ] [__main__:46] 发现 36 个现有列
[2025-12-29 00:33:13] [INFO    ] [__main__:73]   ✓ 添加列: source_type
[2025-12-29 00:33:13] [INFO    ] [__main__:73]   ✓ 添加列: original_competitor_id
[2025-12-29 00:33:13] [INFO    ] [__main__:73]   ✓ 添加列: legal_risk_factor
[2025-12-29 00:33:13] [INFO    ] [__main__:73]   ✓ 添加列: quality_cap
[2025-12-29 00:33:13] [INFO    ] [__main__:87] 
✓ 迁移完成！添加了 4 个新列
[2025-12-29 00:33:13] [INFO    ] [__main__:88] ================================================================================
[2025-12-29 00:33:13] [INFO    ] [__main__:122] 迁移存档: Player Company_1946_ff957b9d.db
[2025-12-29 00:33:13] [INFO    ] [__main__:28] 开始迁移数据库: C:\project\Car-tycoon-game\data\saves\Player Company_1946_ff957b9d.db
[2025-12-29 00:33:13] [INFO    ] [__main__:46] 发现 36 个现有列
[2025-12-29 00:33:13] [INFO    ] [__main__:73]   ✓ 添加列: source_type
[2025-12-29 00:33:13] [INFO    ] [__main__:73]   ✓ 添加列: original_competitor_id
[2025-12-29 00:33:13] [INFO    ] [__main__:73]   ✓ 添加列: legal_risk_factor
[2025-12-29 00:33:13] [INFO    ] [__main__:73]   ✓ 添加列: quality_cap
[2025-12-29 00:33:13] [INFO    ] [__main__:87] 
✓ 迁移完成！添加了 4 个新列
[2025-12-29 00:33:13] [INFO    ] [__main__:88] ================================================================================
[2025-12-29 00:33:58] [INFO    ] [automogul:145] ================================================================================
[2025-12-29 00:33:58] [INFO    ] [automogul:146] AutoMogul v1.0.0 - Logging System Initialized
[2025-12-29 00:33:58] [INFO    ] [automogul:147] Log Level: INFO
[2025-12-29 00:33:58] [INFO    ] [automogul:148] Log Directory: logs
[2025-12-29 00:33:58] [INFO    ] [automogul:149] ================================================================================
[2025-12-29 00:33:58] [INFO    ] [__main__:24] ================================================================================
[2025-12-29 00:33:58] [INFO    ] [__main__:25] 创建模板数据库
[2025-12-29 00:33:58] [INFO    ] [__main__:26] ================================================================================
[2025-12-29 00:34:00] [INFO    ] [__main__:31] ✓ 模板数据库创建成功: C:\project\Car-tycoon-game\data\template.db
[2025-12-29 00:34:00] [INFO    ] [__main__:32] 
[2025-12-29 00:34:00] [INFO    ] [__main__:33] 模板数据库包含以下表结构：
[2025-12-29 00:34:00] [INFO    ] [__main__:43]   - b2b_component_listings
[2025-12-29 00:34:00] [INFO    ] [__main__:43]   - b2b_transactions
[2025-12-29 00:34:00] [INFO    ] [__main__:43]   - brand_perceptions
[2025-12-29 00:34:00] [INFO    ] [__main__:43]   - car_trims
[2025-12-29 00:34:00] [INFO    ] [__main__:43]   - chassis
[2025-12-29 00:34:00] [INFO    ] [__main__:43]   - companies
[2025-12-29 00:34:00] [INFO    ] [__main__:43]   - company_supplier_relations
[2025-12-29 00:34:00] [INFO    ] [__main__:43]   - company_technologies
[2025-12-29 00:34:00] [INFO    ] [__main__:43]   - competitor_relations
[2025-12-29 00:34:00] [INFO    ] [__main__:43]   - consumer_buckets
[2025-12-29 00:34:00] [INFO    ] [__main__:43]   - diplomatic_actions
[2025-12-29 00:34:00] [INFO    ] [__main__:43]   - directives
[2025-12-29 00:34:00] [INFO    ] [__main__:43]   - distribution_networks
[2025-12-29 00:34:00] [INFO    ] [__main__:43]   - engineering_familiarity
[2025-12-29 00:34:00] [INFO    ] [__main__:43]   - engines
[2025-12-29 00:34:00] [INFO    ] [__main__:43]   - event_logs
[2025-12-29 00:34:00] [INFO    ] [__main__:43]   - event_templates
[2025-12-29 00:34:00] [INFO    ] [__main__:43]   - factories
[2025-12-29 00:34:00] [INFO    ] [__main__:43]   - factory_material_familiarity
[2025-12-29 00:34:00] [INFO    ] [__main__:43]   - factory_process_familiarity
[2025-12-29 00:34:00] [INFO    ] [__main__:43]   - financial_history
[2025-12-29 00:34:00] [INFO    ] [__main__:43]   - game_configs
[2025-12-29 00:34:00] [INFO    ] [__main__:43]   - game_events
[2025-12-29 00:34:00] [INFO    ] [__main__:43]   - game_state
[2025-12-29 00:34:00] [INFO    ] [__main__:43]   - intelligence_reports
[2025-12-29 00:34:00] [INFO    ] [__main__:43]   - inventories
[2025-12-29 00:34:00] [INFO    ] [__main__:43]   - loans
[2025-12-29 00:34:00] [INFO    ] [__main__:43]   - marketing_campaigns
[2025-12-29 00:34:00] [INFO    ] [__main__:43]   - material_market
[2025-12-29 00:34:00] [INFO    ] [__main__:43]   - material_markets
[2025-12-29 00:34:00] [INFO    ] [__main__:43]   - part_suppliers
[2025-12-29 00:34:00] [INFO    ] [__main__:43]   - patents
[2025-12-29 00:34:00] [INFO    ] [__main__:43]   - production_history
[2025-12-29 00:34:00] [INFO    ] [__main__:43]   - production_lines
[2025-12-29 00:34:00] [INFO    ] [__main__:43]   - prototype_projects
[2025-12-29 00:34:00] [INFO    ] [__main__:43]   - recall_events
[2025-12-29 00:34:00] [INFO    ] [__main__:43]   - regions
[2025-12-29 00:34:00] [INFO    ] [__main__:43]   - regulations
[2025-12-29 00:34:00] [INFO    ] [__main__:43]   - sales_history
[2025-12-29 00:34:00] [INFO    ] [__main__:43]   - staff
[2025-12-29 00:34:00] [INFO    ] [__main__:43]   - supplier_contracts
[2025-12-29 00:34:00] [INFO    ] [__main__:43]   - tax_records
[2025-12-29 00:34:00] [INFO    ] [__main__:43]   - tech_nodes
[2025-12-29 00:34:00] [INFO    ] [__main__:43]   - testing_facilities
[2025-12-29 00:34:00] [INFO    ] [__main__:43]   - used_car_inventory
[2025-12-29 00:34:00] [INFO    ] [__main__:43]   - vehicle_compliance
[2025-12-29 00:34:00] [INFO    ] [__main__:47] 
[2025-12-29 00:34:00] [INFO    ] [__main__:48] ================================================================================
[2025-12-29 00:34:00] [INFO    ] [__main__:49] ✓ 完成！
[2025-12-29 00:34:00] [INFO    ] [__main__:50] ================================================================================
